\BOOKMARK [1][-]{section.1}{\376\377\225\356\230\230\221\315\217\360\116\016\116\373\122\241\122\006\211\343}{}% 1
\BOOKMARK [2][-]{subsection.1.1}{\376\377\127\072\146\157\116\016\170\024\172\166\133\371\214\141}{section.1}% 2
\BOOKMARK [2][-]{subsection.1.2}{\376\377\126\333\225\356\166\204\145\160\133\146\116\373\122\241}{section.1}% 3
\BOOKMARK [2][-]{subsection.1.3}{\376\377\126\333\225\356\225\364\166\204\176\347\142\177\121\163\174\373}{section.1}% 4
\BOOKMARK [1][-]{section.2}{\376\377\145\160\143\156\131\004\164\006\116\016\176\337\116\000\162\151\164\006\211\304\122\031}{}% 5
\BOOKMARK [2][-]{subsection.2.1}{\376\377\145\160\143\156\150\070\133\371\116\016\172\172\225\364\127\372\121\306}{section.2}% 6
\BOOKMARK [2][-]{subsection.2.2}{\376\377\202\052\153\265\147\204\220\040\116\016\121\300\172\172}{section.2}% 7
\BOOKMARK [2][-]{subsection.2.3}{\376\377\230\336\210\114\145\366\225\364\124\214\200\375\200\027}{section.2}% 8
\BOOKMARK [2][-]{subsection.2.4}{\376\377\165\065\154\140\124\150\217\154\116\016\220\032\117\341\162\266\140\001}{section.2}% 9
\BOOKMARK [1][-]{section.3}{\376\377\152\041\127\213\120\107\213\276\123\312\220\002\165\050\203\003\126\364}{}% 10
\BOOKMARK [2][-]{subsection.3.1}{\376\377\121\150\230\230\121\161\165\050\166\204\152\041\127\213\120\107\213\276}{section.3}% 11
\BOOKMARK [2][-]{subsection.3.2}{\376\377\124\004\225\356\230\230\166\204\210\145\121\105\176\246\133\232\116\016\220\002\165\050\203\003\126\364}{section.3}% 12
\BOOKMARK [1][-]{section.4}{\376\377\173\046\123\367\213\364\146\016}{}% 13
\BOOKMARK [1][-]{section.5}{\376\377\225\356\230\230\116\000\377\032\123\125\160\271\137\200\217\324\133\211\121\150\200\375\122\233\116\016\215\047\173\261\176\304\142\171}{}% 14
\BOOKMARK [2][-]{subsection.5.1}{\376\377\123\125\123\072\123\125\147\072\127\213\147\000\131\047\133\211\121\150\217\175\203\167}{section.5}% 15
\BOOKMARK [3][-]{subsubsection.5.1.1}{\376\377\133\211\121\150\217\175\203\167\166\204\133\232\116\111\116\016\154\102\211\343}{subsection.5.1}% 16
\BOOKMARK [3][-]{subsubsection.5.1.2}{\376\377\217\175\203\167\213\241\173\227\176\323\147\234}{subsection.5.1}% 17
\BOOKMARK [2][-]{subsection.5.2}{\376\377\116\015\123\357\142\306\215\047\173\261\176\304\142\171}{section.5}% 18
\BOOKMARK [3][-]{subsubsection.5.2.1}{\376\377\171\273\145\143\176\304\142\171\116\016\162\266\140\001\220\022\143\250}{subsection.5.2}% 19
\BOOKMARK [3][-]{subsubsection.5.2.2}{\376\377\147\000\134\021\147\266\153\041\116\013\165\114\116\016\176\304\142\171\176\323\147\234}{subsection.5.2}% 20
\BOOKMARK [3][-]{subsubsection.5.2.3}{\376\377\176\304\142\171\117\030\123\026\116\016\143\007\150\007\147\103\210\141}{subsection.5.2}% 21
\BOOKMARK [2][-]{subsection.5.3}{\376\377\176\323\147\234\116\016\133\211\121\150\117\131\221\317\150\300\232\214}{section.5}% 22
\BOOKMARK [3][-]{subsubsection.5.3.1}{\376\377\145\271\150\110\123\357\210\114\140\047\116\016\145\160\143\156\116\000\201\364\140\047\150\300\232\214}{subsection.5.3}% 23
\BOOKMARK [3][-]{subsubsection.5.3.2}{\376\377\217\324\202\052\133\211\121\150\117\131\221\317\145\117\141\037\140\047\122\006\147\220}{subsection.5.3}% 24
\BOOKMARK [1][-]{section.6}{\376\377\225\356\230\230\116\214\377\032\137\002\147\204\145\340\116\272\147\072\131\032\202\052\153\041\217\320\217\223\116\016\215\104\156\220\214\003\136\246}{}% 25
\BOOKMARK [2][-]{subsection.6.1}{\376\377\225\356\230\230\122\006\147\220\116\016\136\372\152\041\150\106\147\266}{section.6}% 26
\BOOKMARK [2][-]{subsection.6.2}{\376\377\221\115\220\001\145\366\226\120\116\016\117\030\123\026\143\007\150\007}{section.6}% 27
\BOOKMARK [3][-]{subsubsection.6.2.1}{\376\377\170\154\142\052\153\142\116\016\217\157\217\337\122\060\226\306\124\010}{subsection.6.2}% 28
\BOOKMARK [3][-]{subsubsection.6.2.2}{\376\377\121\263\173\126\123\330\221\317\116\016\143\007\150\007\122\006\174\173}{subsection.6.2}% 29
\BOOKMARK [2][-]{subsection.6.3}{\376\377\131\032\202\052\153\041\217\320\217\223\116\016\215\104\156\220\176\246\147\137\152\041\127\213}{section.6}% 30
\BOOKMARK [2][-]{subsection.6.4}{\376\377\215\357\176\277\165\037\142\020\116\016\126\372\133\232\215\357\176\277\214\003\136\246\145\271\154\325}{section.6}% 31
\BOOKMARK [2][-]{subsection.6.5}{\376\377\144\034\175\042\133\236\232\214\116\016\116\073\145\271\150\110\220\011\142\351}{section.6}% 32
\BOOKMARK [2][-]{subsection.6.6}{\376\377\116\073\145\271\150\110\176\323\147\234\116\016\123\357\210\114\140\047\232\214\213\301}{section.6}% 33
\BOOKMARK [3][-]{subsubsection.6.6.1}{\376\377\150\070\137\303\176\323\147\234}{subsection.6.6}% 34
\BOOKMARK [3][-]{subsubsection.6.6.2}{\376\377\215\104\156\220\123\357\210\114\140\047}{subsection.6.6}% 35
\BOOKMARK [3][-]{subsubsection.6.6.3}{\376\377\126\376\210\150\116\016\121\163\225\056\176\246\147\137\122\006\147\220}{subsection.6.6}% 36
\BOOKMARK [2][-]{subsection.6.7}{\376\377\147\054\225\356\134\017\176\323\116\016\220\002\165\050\203\003\126\364}{section.6}% 37
\BOOKMARK [1][-]{section.7}{\376\377\225\356\230\230\116\011\377\032\217\336\176\355\220\032\117\341\176\246\147\137\116\013\166\204\217\320\217\223\040\024\116\055\176\347\123\117\124\014\117\030\123\026}{}% 38
\BOOKMARK [2][-]{subsection.7.1}{\376\377\225\356\230\230\122\006\147\220\116\016\136\372\152\041\150\106\147\266}{section.7}% 39
\BOOKMARK [2][-]{subsection.7.2}{\376\377\217\336\176\355\220\032\117\341\116\016\116\055\176\347\117\335\226\234\152\041\127\213}{section.7}% 40
\BOOKMARK [3][-]{subsubsection.7.2.1}{\376\377\123\314\124\021\220\032\117\341\224\376\215\357\152\041\127\213}{subsection.7.2}% 41
\BOOKMARK [3][-]{subsubsection.7.2.2}{\376\377\166\364\143\245\220\032\117\341\116\016\116\055\176\347\220\032\117\341\147\141\116\366}{subsection.7.2}% 42
\BOOKMARK [3][-]{subsubsection.7.2.3}{\376\377\000D\000E\000M\127\060\137\142\220\156\143\041\122\044\133\232}{subsection.7.2}% 43
\BOOKMARK [3][-]{subsubsection.7.2.4}{\376\377\116\055\176\347\145\340\116\272\147\072\145\366\172\172\116\016\200\375\156\220\176\246\147\137}{subsection.7.2}% 44
\BOOKMARK [3][-]{subsubsection.7.2.5}{\376\377\217\336\176\355\220\032\117\341\123\072\225\364\213\301\116\146}{subsection.7.2}% 45
\BOOKMARK [2][-]{subsection.7.3}{\376\377\217\320\217\223\040\024\220\032\117\341\122\006\134\102\123\117\124\014\154\102\211\343}{section.7}% 46
\BOOKMARK [3][-]{subsubsection.7.3.1}{\376\377\217\320\217\223\176\323\147\204\214\003\145\164\116\016\126\372\133\232\202\052\153\041\143\222\172\013}{subsection.7.3}% 47
\BOOKMARK [3][-]{subsubsection.7.3.2}{\376\377\116\055\176\347\172\227\123\343\116\016\147\011\226\120\120\031\220\011\123\117\214\003}{subsection.7.3}% 48
\BOOKMARK [3][-]{subsubsection.7.3.3}{\376\377\217\336\176\355\220\032\117\341\213\244\213\301\116\016\162\354\172\313\232\214\213\301}{subsection.7.3}% 49
\BOOKMARK [2][-]{subsection.7.4}{\376\377\116\073\145\271\150\110\116\016\220\032\117\341\123\117\124\014\122\006\147\220}{section.7}% 50
\BOOKMARK [3][-]{subsubsection.7.4.1}{\376\377\116\073\145\271\150\110\140\073\117\123\176\323\147\234}{subsection.7.4}% 51
\BOOKMARK [3][-]{subsubsection.7.4.2}{\376\377\217\320\217\223\116\016\116\055\176\347\166\204\145\366\172\172\123\117\124\014}{subsection.7.4}% 52
\BOOKMARK [3][-]{subsubsection.7.4.3}{\376\377\147\000\134\017\210\325\136\246\220\032\117\341\123\072\225\364\122\006\147\220}{subsection.7.4}% 53
\BOOKMARK [2][-]{subsection.7.5}{\376\377\145\271\150\110\232\214\213\301\116\016\220\002\165\050\203\003\126\364}{section.7}% 54
\BOOKMARK [3][-]{subsubsection.7.5.1}{\376\377\162\354\172\313\123\357\210\114\140\047\232\214\213\301}{subsection.7.5}% 55
\BOOKMARK [3][-]{subsubsection.7.5.2}{\376\377\116\016\225\356\230\230\116\214\166\204\116\343\116\367\153\324\217\203}{subsection.7.5}% 56
\BOOKMARK [3][-]{subsubsection.7.5.3}{\376\377\126\372\133\232\145\271\150\110\166\204\152\041\127\213\217\271\165\114}{subsection.7.5}% 57
\BOOKMARK [1][-]{section.8}{\376\377\225\356\230\230\126\333\377\032\126\372\133\232\200\124\124\010\116\373\122\241\166\204\162\354\172\313\122\006\176\304\116\016\215\104\156\220\221\115\177\156}{}% 58
\BOOKMARK [2][-]{subsection.8.1}{\376\377\225\356\230\230\122\006\147\220\116\016\126\372\133\232\122\115\143\320}{section.8}% 59
\BOOKMARK [2][-]{subsection.8.2}{\376\377\147\015\122\241\123\072\200\046\124\010\116\016\122\006\176\304\152\041\127\213}{section.8}% 60
\BOOKMARK [3][-]{subsubsection.8.2.1}{\376\377\116\015\123\357\142\306\147\015\122\241\123\072\126\376}{subsection.8.2}% 61
\BOOKMARK [3][-]{subsubsection.8.2.2}{\376\377\217\336\220\032\122\006\221\317\116\016\176\304\124\010\172\172\225\364\226\115\176\364}{subsection.8.2}% 62
\BOOKMARK [2][-]{subsection.8.3}{\376\377\162\354\172\313\142\147\210\114\166\204\215\104\156\220\221\115\177\156\152\041\127\213}{section.8}% 63
\BOOKMARK [3][-]{subsubsection.8.3.1}{\376\377\126\372\133\232\145\366\225\364\217\164\116\013\166\204\215\104\156\220\134\360\120\074}{subsection.8.3}% 64
\BOOKMARK [3][-]{subsubsection.8.3.2}{\376\377\116\055\176\347\131\015\122\066\116\016\200\375\156\220\176\304\116\366\123\140\165\050}{subsection.8.3}% 65
\BOOKMARK [3][-]{subsubsection.8.3.3}{\376\377\215\104\156\220\177\072\123\343\116\016\135\345\117\134\221\317\143\007\150\007}{subsection.8.3}% 66
\BOOKMARK [2][-]{subsection.8.4}{\376\377\116\044\176\304\116\016\116\011\176\304\122\006\176\304\176\323\147\234}{section.8}% 67
\BOOKMARK [3][-]{subsubsection.8.4.1}{\376\377\133\127\121\170\136\217\166\356\150\007\116\016\147\232\116\076\145\271\154\325}{subsection.8.4}% 68
\BOOKMARK [3][-]{subsubsection.8.4.2}{\376\377\116\044\176\304\145\271\150\110}{subsection.8.4}% 69
\BOOKMARK [3][-]{subsubsection.8.4.3}{\376\377\116\011\176\304\145\271\150\110}{subsection.8.4}% 70
\BOOKMARK [3][-]{subsubsection.8.4.4}{\376\377\215\104\156\220\116\016\127\107\210\141\140\047\153\324\217\203}{subsection.8.4}% 71
\BOOKMARK [2][-]{subsection.8.5}{\376\377\122\006\176\304\176\323\147\234\116\016\220\002\165\050\203\003\126\364}{section.8}% 72
\BOOKMARK [1][-]{section.9}{\376\377\145\117\141\037\140\047\150\300\232\214}{}% 73
\BOOKMARK [2][-]{subsection.9.1}{\376\377\217\324\202\052\133\211\121\150\117\131\221\317\133\371\123\125\160\271\176\304\142\171\166\204\137\161\124\315}{section.9}% 74
\BOOKMARK [2][-]{subsection.9.2}{\376\377\217\320\217\223\200\375\200\027\142\160\122\250\116\016\121\163\225\056\202\052\153\041\213\306\122\053}{section.9}% 75
\BOOKMARK [2][-]{subsection.9.3}{\376\377\220\032\117\341\224\376\215\357\226\104\122\240\143\137\200\027\145\117\141\037\140\047}{section.9}% 76
\BOOKMARK [2][-]{subsection.9.4}{\376\377\116\073\145\271\150\110\176\374\124\010\123\357\210\114\140\047\131\015\150\070}{section.9}% 77
\BOOKMARK [2][-]{subsection.9.5}{\376\377\220\032\117\341\210\325\136\246\116\016\200\375\200\027\147\103\210\141\122\006\147\220}{section.9}% 78
\BOOKMARK [1][-]{section.10}{\376\377\176\374\124\010\213\304\116\367\116\016\135\345\172\013\141\017\116\111}{}% 79
\BOOKMARK [2][-]{subsection.10.1}{\376\377\126\333\225\356\220\022\217\333\121\163\174\373\116\016\176\337\116\000\136\372\152\041\150\106\147\266}{section.10}% 80
\BOOKMARK [2][-]{subsection.10.2}{\376\377\152\041\127\213\116\016\154\102\211\343\145\271\154\325\162\171\160\271}{section.10}% 81
\BOOKMARK [2][-]{subsection.10.3}{\376\377\150\070\137\303\176\323\147\234\116\016\220\002\165\050\203\003\126\364}{section.10}% 82
\BOOKMARK [2][-]{subsection.10.4}{\376\377\152\041\127\213\134\100\226\120\116\016\145\071\217\333\145\271\124\021}{section.10}% 83
\BOOKMARK [2][-]{subsection.10.5}{\376\377\133\236\226\105\136\224\165\050\136\372\213\256}{section.10}% 84
\BOOKMARK [1][-]{section*.51}{\376\377\123\302\200\003\145\207\163\056}{}% 85
\BOOKMARK [1][-]{section*.51}{\376\377\226\104\137\125\000\040\000A\000\040\150\070\137\303\116\343\170\001\116\016\131\015\163\260\213\364\146\016}{}% 86
\BOOKMARK [2][-]{section*.52}{\376\377\000A\000.\0001\000\040\225\356\230\230\116\000\377\032\176\304\142\171\152\041\137\017\147\232\116\076\116\016\213\241\145\160\162\266\140\001\122\250\140\001\211\304\122\022}{section*.51}% 87
\BOOKMARK [2][-]{lstnumber.-1.58}{\376\377\000A\000.\0002\000\040\225\356\230\230\116\214\377\032\215\357\176\277\144\034\175\042\116\016\126\372\133\232\215\357\176\277\143\222\172\013\150\070\137\303\116\343\170\001}{section*.51}% 88
\BOOKMARK [2][-]{lstnumber.-4.262}{\376\377\000A\000.\0003\000\040\225\356\230\230\116\011\377\032\217\336\176\355\220\032\117\341\224\376\215\357\213\244\213\301\150\070\137\303\116\343\170\001}{section*.51}% 89
\BOOKMARK [2][-]{lstnumber.-6.134}{\376\377\000A\000.\0004\000\040\225\356\230\230\126\333\377\032\116\015\123\357\142\306\176\304\116\366\122\006\123\072\116\016\215\104\156\220\213\304\116\367\150\070\137\303\116\343\170\001}{section*.51}% 90
\BOOKMARK [1][-]{lstnumber.-7.188}{\376\377\226\104\137\125\000\040\000B\000\040\116\272\135\345\146\172\200\375\135\345\121\167\117\177\165\050\213\364\146\016}{}% 91
