This is XeTeX, Version 3.141592653-2.6-0.999996 (TeX Live 2024) (preloaded format=xelatex 2025.1.4)  27 SEP 2026 00:49
entering extended mode
 restricted \write18 enabled.
 %&-line parsing enabled.
**main.tex
(./main.tex
LaTeX2e <2023-11-01> patch level 1
L3 programming layer <2024-02-20>
(d:/Program/texlive/2024/texmf-dist/tex/latex/ctex/ctexart.cls
(d:/Program/texlive/2024/texmf-dist/tex/latex/ctex/config/ctexbackend.cfg
File: ctexbackend.cfg 2022/07/14 v2.5.10 Backend configuration file (CTEX)
)
(d:/Program/texlive/2024/texmf-dist/tex/latex/l3kernel/expl3.sty
Package: expl3 2024-02-20 L3 programming layer (loader) 

(d:/Program/texlive/2024/texmf-dist/tex/latex/l3backend/l3backend-xetex.def
File: l3backend-xetex.def 2024-02-20 L3 backend support: XeTeX
\g__graphics_track_int=\count184
\l__pdf_internal_box=\box51
\g__pdf_backend_object_int=\count185
\g__pdf_backend_annotation_int=\count186
\g__pdf_backend_link_int=\count187
))
Document Class: ctexart 2022/07/14 v2.5.10 Chinese adapter for class article (C
TEX)
(d:/Program/texlive/2024/texmf-dist/tex/latex/ctex/ctexhook.sty
Package: ctexhook 2022/07/14 v2.5.10 Document and package hooks (CTEX)
)
(d:/Program/texlive/2024/texmf-dist/tex/latex/ctex/ctexpatch.sty
Package: ctexpatch 2022/07/14 v2.5.10 Patching commands (CTEX)
)
(d:/Program/texlive/2024/texmf-dist/tex/latex/base/fix-cm.sty
Package: fix-cm 2020/11/24 v1.1t fixes to LaTeX

(d:/Program/texlive/2024/texmf-dist/tex/latex/base/ts1enc.def
File: ts1enc.def 2001/06/05 v3.0e (jk/car/fm) Standard LaTeX file
LaTeX Font Info:    Redeclaring font encoding TS1 on input line 47.
))
\l__ctex_tmp_int=\count188
\l__ctex_tmp_box=\box52
\l__ctex_tmp_dim=\dimen140
\g__ctex_section_depth_int=\count189
\g__ctex_font_size_int=\count190

(d:/Program/texlive/2024/texmf-dist/tex/latex/ctex/config/ctexopts.cfg
File: ctexopts.cfg 2022/07/14 v2.5.10 Option configuration file (CTEX)
)
(d:/Program/texlive/2024/texmf-dist/tex/latex/base/article.cls
Document Class: article 2023/05/17 v1.4n Standard LaTeX document class
(d:/Program/texlive/2024/texmf-dist/tex/latex/base/size12.clo
File: size12.clo 2023/05/17 v1.4n Standard LaTeX file (size option)
)
\c@part=\count191
\c@section=\count192
\c@subsection=\count193
\c@subsubsection=\count194
\c@paragraph=\count195
\c@subparagraph=\count196
\c@figure=\count197
\c@table=\count198
\abovecaptionskip=\skip48
\belowcaptionskip=\skip49
\bibindent=\dimen141
)
(d:/Program/texlive/2024/texmf-dist/tex/latex/ctex/engine/ctex-engine-xetex.def
File: ctex-engine-xetex.def 2022/07/14 v2.5.10 XeLaTeX adapter (CTEX)
(d:/Program/texlive/2024/texmf-dist/tex/xelatex/xecjk/xeCJK.sty
Package: xeCJK 2022/08/05 v3.9.1 Typesetting CJK scripts with XeLaTeX

(d:/Program/texlive/2024/texmf-dist/tex/latex/l3packages/xtemplate/xtemplate.st
y
(d:/Program/texlive/2024/texmf-dist/tex/latex/l3packages/xtemplate/xtemplate-20
23-10-10.sty
Package: xtemplate 2023-10-10 L3 Experimental prototype document functions
\l__xtemplate_tmp_dim=\dimen142
\l__xtemplate_tmp_int=\count199
\l__xtemplate_tmp_muskip=\muskip16
\l__xtemplate_tmp_skip=\skip50
))
\l__xeCJK_tmp_int=\count266
\l__xeCJK_tmp_box=\box53
\l__xeCJK_tmp_dim=\dimen143
\l__xeCJK_tmp_skip=\skip51
\g__xeCJK_space_factor_int=\count267
\l__xeCJK_begin_int=\count268
\l__xeCJK_end_int=\count269
\c__xeCJK_CJK_class_int=\XeTeXcharclass1
\c__xeCJK_FullLeft_class_int=\XeTeXcharclass2
\c__xeCJK_FullRight_class_int=\XeTeXcharclass3
\c__xeCJK_HalfLeft_class_int=\XeTeXcharclass4
\c__xeCJK_HalfRight_class_int=\XeTeXcharclass5
\c__xeCJK_NormalSpace_class_int=\XeTeXcharclass6
\c__xeCJK_CM_class_int=\XeTeXcharclass7
\c__xeCJK_HangulJamo_class_int=\XeTeXcharclass8
\l__xeCJK_last_skip=\skip52
\c__xeCJK_none_node=\count270
\g__xeCJK_node_int=\count271
\c__xeCJK_CJK_node_dim=\dimen144
\c__xeCJK_CJK-space_node_dim=\dimen145
\c__xeCJK_default_node_dim=\dimen146
\c__xeCJK_CJK-widow_node_dim=\dimen147
\c__xeCJK_normalspace_node_dim=\dimen148
\c__xeCJK_default-space_node_skip=\skip53
\l__xeCJK_ccglue_skip=\skip54
\l__xeCJK_ecglue_skip=\skip55
\l__xeCJK_punct_kern_skip=\skip56
\l__xeCJK_indent_box=\box54
\l__xeCJK_last_penalty_int=\count272
\l__xeCJK_last_bound_dim=\dimen149
\l__xeCJK_last_kern_dim=\dimen150
\l__xeCJK_widow_penalty_int=\count273

Package xtemplate Info: Declaring object type 'xeCJK/punctuation' taking 0
(xtemplate)             argument(s) on line 2396.

\l__xeCJK_fixed_punct_width_dim=\dimen151
\l__xeCJK_mixed_punct_width_dim=\dimen152
\l__xeCJK_middle_punct_width_dim=\dimen153
\l__xeCJK_fixed_margin_width_dim=\dimen154
\l__xeCJK_mixed_margin_width_dim=\dimen155
\l__xeCJK_middle_margin_width_dim=\dimen156
\l__xeCJK_bound_punct_width_dim=\dimen157
\l__xeCJK_bound_margin_width_dim=\dimen158
\l__xeCJK_margin_minimum_dim=\dimen159
\l__xeCJK_kerning_total_width_dim=\dimen160
\l__xeCJK_same_align_margin_dim=\dimen161
\l__xeCJK_different_align_margin_dim=\dimen162
\l__xeCJK_kerning_margin_width_dim=\dimen163
\l__xeCJK_kerning_margin_minimum_dim=\dimen164
\l__xeCJK_bound_dim=\dimen165
\l__xeCJK_reverse_bound_dim=\dimen166
\l__xeCJK_margin_dim=\dimen167
\l__xeCJK_minimum_bound_dim=\dimen168
\l__xeCJK_kerning_margin_dim=\dimen169
\g__xeCJK_family_int=\count274
\l__xeCJK_fam_int=\count275
\g__xeCJK_fam_allocation_int=\count276
\l__xeCJK_verb_case_int=\count277
\l__xeCJK_verb_exspace_skip=\skip57

(d:/Program/texlive/2024/texmf-dist/tex/latex/fontspec/fontspec.sty
(d:/Program/texlive/2024/texmf-dist/tex/latex/l3packages/xparse/xparse.sty
Package: xparse 2024-02-18 L3 Experimental document command parser
)
Package: fontspec 2024/02/13 v2.9a Font selection for XeLaTeX and LuaLaTeX

(d:/Program/texlive/2024/texmf-dist/tex/latex/fontspec/fontspec-xetex.sty
Package: fontspec-xetex 2024/02/13 v2.9a Font selection for XeLaTeX and LuaLaTe
X
\l__fontspec_script_int=\count278
\l__fontspec_language_int=\count279
\l__fontspec_strnum_int=\count280
\l__fontspec_tmp_int=\count281
\l__fontspec_tmpa_int=\count282
\l__fontspec_tmpb_int=\count283
\l__fontspec_tmpc_int=\count284
\l__fontspec_em_int=\count285
\l__fontspec_emdef_int=\count286
\l__fontspec_strong_int=\count287
\l__fontspec_strongdef_int=\count288
\l__fontspec_tmpa_dim=\dimen170
\l__fontspec_tmpb_dim=\dimen171
\l__fontspec_tmpc_dim=\dimen172

(d:/Program/texlive/2024/texmf-dist/tex/latex/base/fontenc.sty
Package: fontenc 2021/04/29 v2.0v Standard LaTeX package
)
(d:/Program/texlive/2024/texmf-dist/tex/latex/fontspec/fontspec.cfg)))
(d:/Program/texlive/2024/texmf-dist/tex/xelatex/xecjk/xeCJK.cfg
File: xeCJK.cfg 2022/08/05 v3.9.1 Configuration file for xeCJK package
))
\ccwd=\dimen173
\l__ctex_ccglue_skip=\skip58
)
\l__ctex_ziju_dim=\dimen174

(d:/Program/texlive/2024/texmf-dist/tex/latex/zhnumber/zhnumber.sty
Package: zhnumber 2022/07/14 v3.0 Typesetting numbers with Chinese glyphs
\l__zhnum_scale_int=\count289
\l__zhnum_tmp_int=\count290

(d:/Program/texlive/2024/texmf-dist/tex/latex/zhnumber/zhnumber-utf8.cfg
File: zhnumber-utf8.cfg 2022/07/14 v3.0 Chinese numerals with UTF8 encoding
))
\l__ctex_heading_skip=\skip59

(d:/Program/texlive/2024/texmf-dist/tex/latex/ctex/scheme/ctex-scheme-chinese-a
rticle.def
File: ctex-scheme-chinese-article.def 2022/07/14 v2.5.10 Chinese scheme for art
icle (CTEX)

(d:/Program/texlive/2024/texmf-dist/tex/latex/ctex/config/ctex-name-utf8.cfg
File: ctex-name-utf8.cfg 2022/07/14 v2.5.10 Caption with encoding UTF-8 (CTEX)
))) (d:/Program/texlive/2024/texmf-dist/tex/latex/ctex/config/ctex.cfg
File: ctex.cfg 2022/07/14 v2.5.10 Configuration file (CTEX)
)
(d:/Program/texlive/2024/texmf-dist/tex/latex/geometry/geometry.sty
Package: geometry 2020/01/02 v5.9 Page Geometry

(d:/Program/texlive/2024/texmf-dist/tex/latex/graphics/keyval.sty
Package: keyval 2022/05/29 v1.15 key=value parser (DPC)
\KV@toks@=\toks17
)
(d:/Program/texlive/2024/texmf-dist/tex/generic/iftex/ifvtex.sty
Package: ifvtex 2019/10/25 v1.7 ifvtex legacy package. Use iftex instead.

(d:/Program/texlive/2024/texmf-dist/tex/generic/iftex/iftex.sty
Package: iftex 2022/02/03 v1.0f TeX engine tests
))
\Gm@cnth=\count291
\Gm@cntv=\count292
\c@Gm@tempcnt=\count293
\Gm@bindingoffset=\dimen175
\Gm@wd@mp=\dimen176
\Gm@odd@mp=\dimen177
\Gm@even@mp=\dimen178
\Gm@layoutwidth=\dimen179
\Gm@layoutheight=\dimen180
\Gm@layouthoffset=\dimen181
\Gm@layoutvoffset=\dimen182
\Gm@dimlist=\toks18
)
(d:/Program/texlive/2024/texmf-dist/tex/latex/amsmath/amsmath.sty
Package: amsmath 2023/05/13 v2.17o AMS math features
\@mathmargin=\skip60

For additional information on amsmath, use the `?' option.
(d:/Program/texlive/2024/texmf-dist/tex/latex/amsmath/amstext.sty
Package: amstext 2021/08/26 v2.01 AMS text

(d:/Program/texlive/2024/texmf-dist/tex/latex/amsmath/amsgen.sty
File: amsgen.sty 1999/11/30 v2.0 generic functions
\@emptytoks=\toks19
\ex@=\dimen183
))
(d:/Program/texlive/2024/texmf-dist/tex/latex/amsmath/amsbsy.sty
Package: amsbsy 1999/11/29 v1.2d Bold Symbols
\pmbraise@=\dimen184
)
(d:/Program/texlive/2024/texmf-dist/tex/latex/amsmath/amsopn.sty
Package: amsopn 2022/04/08 v2.04 operator names
)
\inf@bad=\count294
LaTeX Info: Redefining \frac on input line 234.
\uproot@=\count295
\leftroot@=\count296
LaTeX Info: Redefining \overline on input line 399.
LaTeX Info: Redefining \colon on input line 410.
\classnum@=\count297
\DOTSCASE@=\count298
LaTeX Info: Redefining \ldots on input line 496.
LaTeX Info: Redefining \dots on input line 499.
LaTeX Info: Redefining \cdots on input line 620.
\Mathstrutbox@=\box55
\strutbox@=\box56
LaTeX Info: Redefining \big on input line 722.
LaTeX Info: Redefining \Big on input line 723.
LaTeX Info: Redefining \bigg on input line 724.
LaTeX Info: Redefining \Bigg on input line 725.
\big@size=\dimen185
LaTeX Font Info:    Redeclaring font encoding OML on input line 743.
LaTeX Font Info:    Redeclaring font encoding OMS on input line 744.
\macc@depth=\count299
LaTeX Info: Redefining \bmod on input line 905.
LaTeX Info: Redefining \pmod on input line 910.
LaTeX Info: Redefining \smash on input line 940.
LaTeX Info: Redefining \relbar on input line 970.
LaTeX Info: Redefining \Relbar on input line 971.
\c@MaxMatrixCols=\count300
\dotsspace@=\muskip17
\c@parentequation=\count301
\dspbrk@lvl=\count302
\tag@help=\toks20
\row@=\count303
\column@=\count304
\maxfields@=\count305
\andhelp@=\toks21
\eqnshift@=\dimen186
\alignsep@=\dimen187
\tagshift@=\dimen188
\tagwidth@=\dimen189
\totwidth@=\dimen190
\lineht@=\dimen191
\@envbody=\toks22
\multlinegap=\skip61
\multlinetaggap=\skip62
\mathdisplay@stack=\toks23
LaTeX Info: Redefining \[ on input line 2953.
LaTeX Info: Redefining \] on input line 2954.
)
(d:/Program/texlive/2024/texmf-dist/tex/latex/amsfonts/amssymb.sty
Package: amssymb 2013/01/14 v3.01 AMS font symbols

(d:/Program/texlive/2024/texmf-dist/tex/latex/amsfonts/amsfonts.sty
Package: amsfonts 2013/01/14 v3.01 Basic AMSFonts support
\symAMSa=\mathgroup4
\symAMSb=\mathgroup5
LaTeX Font Info:    Redeclaring math symbol \hbar on input line 98.
LaTeX Font Info:    Overwriting math alphabet `\mathfrak' in version `bold'
(Font)                  U/euf/m/n --> U/euf/b/n on input line 106.
))
(d:/Program/texlive/2024/texmf-dist/tex/latex/graphics/graphicx.sty
Package: graphicx 2021/09/16 v1.2d Enhanced LaTeX Graphics (DPC,SPQR)

(d:/Program/texlive/2024/texmf-dist/tex/latex/graphics/graphics.sty
Package: graphics 2022/03/10 v1.4e Standard LaTeX Graphics (DPC,SPQR)

(d:/Program/texlive/2024/texmf-dist/tex/latex/graphics/trig.sty
Package: trig 2021/08/11 v1.11 sin cos tan (DPC)
)
(d:/Program/texlive/2024/texmf-dist/tex/latex/graphics-cfg/graphics.cfg
File: graphics.cfg 2016/06/04 v1.11 sample graphics configuration
)
Package graphics Info: Driver file: xetex.def on input line 107.

(d:/Program/texlive/2024/texmf-dist/tex/latex/graphics-def/xetex.def
File: xetex.def 2022/09/22 v5.0n Graphics/color driver for xetex
))
\Gin@req@height=\dimen192
\Gin@req@width=\dimen193
)
(d:/Program/texlive/2024/texmf-dist/tex/latex/float/float.sty
Package: float 2001/11/08 v1.3d Float enhancements (AL)
\c@float@type=\count306
\float@exts=\toks24
\float@box=\box57
\@float@everytoks=\toks25
\@floatcapt=\box58
)
(d:/Program/texlive/2024/texmf-dist/tex/latex/caption/caption.sty
Package: caption 2023/08/05 v3.6o Customizing captions (AR)

(d:/Program/texlive/2024/texmf-dist/tex/latex/caption/caption3.sty
Package: caption3 2023/07/31 v2.4d caption3 kernel (AR)
\caption@tempdima=\dimen194
\captionmargin=\dimen195
\caption@leftmargin=\dimen196
\caption@rightmargin=\dimen197
\caption@width=\dimen198
\caption@indent=\dimen199
\caption@parindent=\dimen256
\caption@hangindent=\dimen257
Package caption Info: Standard document class detected.
)
\c@caption@flags=\count307
\c@continuedfloat=\count308
Package caption Info: float package is loaded.
)
(d:/Program/texlive/2024/texmf-dist/tex/latex/hyperref/hyperref.sty
Package: hyperref 2024-01-20 v7.01h Hypertext links for LaTeX

(d:/Program/texlive/2024/texmf-dist/tex/latex/kvsetkeys/kvsetkeys.sty
Package: kvsetkeys 2022-10-05 v1.19 Key value parser (HO)
)
(d:/Program/texlive/2024/texmf-dist/tex/generic/kvdefinekeys/kvdefinekeys.sty
Package: kvdefinekeys 2019-12-19 v1.6 Define keys (HO)
)
(d:/Program/texlive/2024/texmf-dist/tex/generic/pdfescape/pdfescape.sty
Package: pdfescape 2019/12/09 v1.15 Implements pdfTeX's escape features (HO)

(d:/Program/texlive/2024/texmf-dist/tex/generic/ltxcmds/ltxcmds.sty
Package: ltxcmds 2023-12-04 v1.26 LaTeX kernel commands for general use (HO)
)
(d:/Program/texlive/2024/texmf-dist/tex/generic/pdftexcmds/pdftexcmds.sty
Package: pdftexcmds 2020-06-27 v0.33 Utility functions of pdfTeX for LuaTeX (HO
)

(d:/Program/texlive/2024/texmf-dist/tex/generic/infwarerr/infwarerr.sty
Package: infwarerr 2019/12/03 v1.5 Providing info/warning/error messages (HO)
)
Package pdftexcmds Info: \pdf@primitive is available.
Package pdftexcmds Info: \pdf@ifprimitive is available.
Package pdftexcmds Info: \pdfdraftmode not found.
))
(d:/Program/texlive/2024/texmf-dist/tex/latex/hycolor/hycolor.sty
Package: hycolor 2020-01-27 v1.10 Color options for hyperref/bookmark (HO)
)
(d:/Program/texlive/2024/texmf-dist/tex/latex/auxhook/auxhook.sty
Package: auxhook 2019-12-17 v1.6 Hooks for auxiliary files (HO)
)
(d:/Program/texlive/2024/texmf-dist/tex/latex/hyperref/nameref.sty
Package: nameref 2023-11-26 v2.56 Cross-referencing by name of section

(d:/Program/texlive/2024/texmf-dist/tex/latex/refcount/refcount.sty
Package: refcount 2019/12/15 v3.6 Data extraction from label references (HO)
)
(d:/Program/texlive/2024/texmf-dist/tex/generic/gettitlestring/gettitlestring.s
ty
Package: gettitlestring 2019/12/15 v1.6 Cleanup title references (HO)
 (d:/Program/texlive/2024/texmf-dist/tex/latex/kvoptions/kvoptions.sty
Package: kvoptions 2022-06-15 v3.15 Key value format for package options (HO)
))
\c@section@level=\count309
)
(d:/Program/texlive/2024/texmf-dist/tex/latex/etoolbox/etoolbox.sty
Package: etoolbox 2020/10/05 v2.5k e-TeX tools for LaTeX (JAW)
\etb@tempcnta=\count310
)
\@linkdim=\dimen258
\Hy@linkcounter=\count311
\Hy@pagecounter=\count312

(d:/Program/texlive/2024/texmf-dist/tex/latex/hyperref/pd1enc.def
File: pd1enc.def 2024-01-20 v7.01h Hyperref: PDFDocEncoding definition (HO)
)
(d:/Program/texlive/2024/texmf-dist/tex/generic/intcalc/intcalc.sty
Package: intcalc 2019/12/15 v1.3 Expandable calculations with integers (HO)
)
\Hy@SavedSpaceFactor=\count313

(d:/Program/texlive/2024/texmf-dist/tex/latex/hyperref/puenc.def
File: puenc.def 2024-01-20 v7.01h Hyperref: PDF Unicode definition (HO)
)
Package hyperref Info: Option `unicode' set `true' on input line 4062.
Package hyperref Info: Hyper figures OFF on input line 4179.
Package hyperref Info: Link nesting OFF on input line 4184.
Package hyperref Info: Hyper index ON on input line 4187.
Package hyperref Info: Plain pages OFF on input line 4194.
Package hyperref Info: Backreferencing OFF on input line 4199.
Package hyperref Info: Implicit mode ON; LaTeX internals redefined.
Package hyperref Info: Bookmarks ON on input line 4446.
\c@Hy@tempcnt=\count314

(d:/Program/texlive/2024/texmf-dist/tex/latex/url/url.sty
\Urlmuskip=\muskip18
Package: url 2013/09/16  ver 3.4  Verb mode for urls, etc.
)
LaTeX Info: Redefining \url on input line 4784.
\XeTeXLinkMargin=\dimen259

(d:/Program/texlive/2024/texmf-dist/tex/generic/bitset/bitset.sty
Package: bitset 2019/12/09 v1.3 Handle bit-vector datatype (HO)

(d:/Program/texlive/2024/texmf-dist/tex/generic/bigintcalc/bigintcalc.sty
Package: bigintcalc 2019/12/15 v1.5 Expandable calculations on big integers (HO
)
))
\Fld@menulength=\count315
\Field@Width=\dimen260
\Fld@charsize=\dimen261
Package hyperref Info: Hyper figures OFF on input line 6063.
Package hyperref Info: Link nesting OFF on input line 6068.
Package hyperref Info: Hyper index ON on input line 6071.
Package hyperref Info: backreferencing OFF on input line 6078.
Package hyperref Info: Link coloring OFF on input line 6083.
Package hyperref Info: Link coloring with OCG OFF on input line 6088.
Package hyperref Info: PDF/A mode OFF on input line 6093.

(d:/Program/texlive/2024/texmf-dist/tex/latex/base/atbegshi-ltx.sty
Package: atbegshi-ltx 2021/01/10 v1.0c Emulation of the original atbegshi
package with kernel methods
)
\Hy@abspage=\count316
\c@Item=\count317
\c@Hfootnote=\count318
)
Package hyperref Info: Driver (autodetected): hxetex.

(d:/Program/texlive/2024/texmf-dist/tex/latex/hyperref/hxetex.def
File: hxetex.def 2024-01-20 v7.01h Hyperref driver for XeTeX

(d:/Program/texlive/2024/texmf-dist/tex/generic/stringenc/stringenc.sty
Package: stringenc 2019/11/29 v1.12 Convert strings between diff. encodings (HO
)
)
\pdfm@box=\box59
\c@Hy@AnnotLevel=\count319
\HyField@AnnotCount=\count320
\Fld@listcount=\count321
\c@bookmark@seq@number=\count322

(d:/Program/texlive/2024/texmf-dist/tex/latex/rerunfilecheck/rerunfilecheck.sty
Package: rerunfilecheck 2022-07-10 v1.10 Rerun checks for auxiliary files (HO)
(d:/Program/texlive/2024/texmf-dist/tex/latex/base/atveryend-ltx.sty
Package: atveryend-ltx 2020/08/19 v1.0a Emulation of the original atveryend pac
kage
with kernel methods
)
(d:/Program/texlive/2024/texmf-dist/tex/generic/uniquecounter/uniquecounter.sty
Package: uniquecounter 2019/12/15 v1.4 Provide unlimited unique counter (HO)
)
Package uniquecounter Info: New unique counter `rerunfilecheck' on input line 2
85.
)
\Hy@SectionHShift=\skip63
) (d:/Program/texlive/2024/texmf-dist/tex/latex/multirow/multirow.sty
Package: multirow 2021/03/15 v2.8 Span multiple rows of a table
\multirow@colwidth=\skip64
\multirow@cntb=\count323
\multirow@dima=\skip65
\bigstrutjot=\dimen262
)
(d:/Program/texlive/2024/texmf-dist/tex/latex/tools/longtable.sty
Package: longtable 2023-11-01 v4.19 Multi-page Table package (DPC)
\LTleft=\skip66
\LTright=\skip67
\LTpre=\skip68
\LTpost=\skip69
\LTchunksize=\count324
\LTcapwidth=\dimen263
\LT@head=\box60
\LT@firsthead=\box61
\LT@foot=\box62
\LT@lastfoot=\box63
\LT@gbox=\box64
\LT@cols=\count325
\LT@rows=\count326
\c@LT@tables=\count327
\c@LT@chunks=\count328
\LT@p@ftn=\toks26
)

Package fontspec Info: Could not resolve font "SimSun/BI" (it probably doesn't
(fontspec)             exist).


Package fontspec Info: Could not resolve font "SimSun/B" (it probably doesn't
(fontspec)             exist).


Package fontspec Info: Could not resolve font "SimSun/I" (it probably doesn't
(fontspec)             exist).


Package fontspec Info: Font family 'SimSun(0)' created for font 'SimSun' with
(fontspec)             options [Script={CJK}].
(fontspec)              
(fontspec)              This font family consists of the following NFSS
(fontspec)             series/shapes:
(fontspec)              
(fontspec)             - 'normal' (m/n) with NFSS spec.:
(fontspec)             <->"SimSun/OT:script=hani;language=dflt;"
(fontspec)             - 'small caps'  (m/sc) with NFSS spec.: 


Package fontspec Info: Font family 'TimesNewRoman(0)' created for font 'Times
(fontspec)             New Roman' with options [Ligatures=TeX].
(fontspec)              
(fontspec)              This font family consists of the following NFSS
(fontspec)             series/shapes:
(fontspec)              
(fontspec)             - 'normal' (m/n) with NFSS spec.: <->"Times New
(fontspec)             Roman/OT:script=latn;language=dflt;mapping=tex-text;"
(fontspec)             - 'small caps'  (m/sc) with NFSS spec.: <->"Times New
(fontspec)             Roman/OT:script=latn;language=dflt;+smcp;mapping=tex-tex
t;"
(fontspec)             - 'bold' (b/n) with NFSS spec.: <->"Times New
(fontspec)             Roman/B/OT:script=latn;language=dflt;mapping=tex-text;"
(fontspec)             - 'bold small caps'  (b/sc) with NFSS spec.: <->"Times
(fontspec)             New
(fontspec)             Roman/B/OT:script=latn;language=dflt;+smcp;mapping=tex-t
ext;"
(fontspec)             - 'italic' (m/it) with NFSS spec.: <->"Times New
(fontspec)             Roman/I/OT:script=latn;language=dflt;mapping=tex-text;"
(fontspec)             - 'italic small caps'  (m/scit) with NFSS spec.:
(fontspec)             <->"Times New
(fontspec)             Roman/I/OT:script=latn;language=dflt;+smcp;mapping=tex-t
ext;"
(fontspec)             - 'bold italic' (b/it) with NFSS spec.: <->"Times New
(fontspec)             Roman/BI/OT:script=latn;language=dflt;mapping=tex-text;"

(fontspec)             - 'bold italic small caps'  (b/scit) with NFSS spec.:
(fontspec)             <->"Times New
(fontspec)             Roman/BI/OT:script=latn;language=dflt;+smcp;mapping=tex-
text;"


Package fontspec Info: Font family 'Consolas(0)' created for font 'Consolas'
(fontspec)             with options
(fontspec)             [WordSpace={1,0,0},HyphenChar=None,PunctuationSpace=Word
Space].
(fontspec)              
(fontspec)              This font family consists of the following NFSS
(fontspec)             series/shapes:
(fontspec)              
(fontspec)             - 'normal' (m/n) with NFSS spec.:
(fontspec)             <->"Consolas/OT:script=latn;language=dflt;"
(fontspec)             - 'small caps'  (m/sc) with NFSS spec.: 
(fontspec)             and font adjustment code:
(fontspec)             \fontdimen 2\font =1\fontdimen 2\font \fontdimen 3\font
(fontspec)             =0\fontdimen 3\font \fontdimen 4\font =0\fontdimen
(fontspec)             4\font \fontdimen 7\font =0\fontdimen 2\font
(fontspec)             \tex_hyphenchar:D \font =-1\scan_stop: 
(fontspec)             - 'bold' (b/n) with NFSS spec.:
(fontspec)             <->"Consolas/B/OT:script=latn;language=dflt;"
(fontspec)             - 'bold small caps'  (b/sc) with NFSS spec.: 
(fontspec)             and font adjustment code:
(fontspec)             \fontdimen 2\font =1\fontdimen 2\font \fontdimen 3\font
(fontspec)             =0\fontdimen 3\font \fontdimen 4\font =0\fontdimen
(fontspec)             4\font \fontdimen 7\font =0\fontdimen 2\font
(fontspec)             \tex_hyphenchar:D \font =-1\scan_stop: 
(fontspec)             - 'italic' (m/it) with NFSS spec.:
(fontspec)             <->"Consolas/I/OT:script=latn;language=dflt;"
(fontspec)             - 'italic small caps'  (m/scit) with NFSS spec.: 
(fontspec)             and font adjustment code:
(fontspec)             \fontdimen 2\font =1\fontdimen 2\font \fontdimen 3\font
(fontspec)             =0\fontdimen 3\font \fontdimen 4\font =0\fontdimen
(fontspec)             4\font \fontdimen 7\font =0\fontdimen 2\font
(fontspec)             \tex_hyphenchar:D \font =-1\scan_stop: 
(fontspec)             - 'bold italic' (b/it) with NFSS spec.:
(fontspec)             <->"Consolas/BI/OT:script=latn;language=dflt;"
(fontspec)             - 'bold italic small caps'  (b/scit) with NFSS spec.: 
(fontspec)             and font adjustment code:
(fontspec)             \fontdimen 2\font =1\fontdimen 2\font \fontdimen 3\font
(fontspec)             =0\fontdimen 3\font \fontdimen 4\font =0\fontdimen
(fontspec)             4\font \fontdimen 7\font =0\fontdimen 2\font
(fontspec)             \tex_hyphenchar:D \font =-1\scan_stop: 


(d:/Program/texlive/2024/texmf-dist/tex/latex/titlesec/titlesec.sty
Package: titlesec 2023/10/27 v2.16 Sectioning titles
\ttl@box=\box65
\beforetitleunit=\skip70
\aftertitleunit=\skip71
\ttl@plus=\dimen264
\ttl@minus=\dimen265
\ttl@toksa=\toks27
\titlewidth=\dimen266
\titlewidthlast=\dimen267
\titlewidthfirst=\dimen268
)
(d:/Program/texlive/2024/texmf-dist/tex/latex/tocloft/tocloft.sty
Package: tocloft 2017/08/31 v2.3i parameterised ToC, etc., typesetting
Package tocloft Info: The document has section divisions on input line 51.
\cftparskip=\skip72
\cftbeforetoctitleskip=\skip73
\cftaftertoctitleskip=\skip74
\cftbeforepartskip=\skip75
\cftpartnumwidth=\skip76
\cftpartindent=\skip77
\cftbeforesecskip=\skip78
\cftsecindent=\skip79
\cftsecnumwidth=\skip80
\cftbeforesubsecskip=\skip81
\cftsubsecindent=\skip82
\cftsubsecnumwidth=\skip83
\cftbeforesubsubsecskip=\skip84
\cftsubsubsecindent=\skip85
\cftsubsubsecnumwidth=\skip86
\cftbeforeparaskip=\skip87
\cftparaindent=\skip88
\cftparanumwidth=\skip89
\cftbeforesubparaskip=\skip90
\cftsubparaindent=\skip91
\cftsubparanumwidth=\skip92
\cftbeforeloftitleskip=\skip93
\cftafterloftitleskip=\skip94
\cftbeforefigskip=\skip95
\cftfigindent=\skip96
\cftfignumwidth=\skip97
\c@lofdepth=\count329
\c@lotdepth=\count330
\cftbeforelottitleskip=\skip98
\cftafterlottitleskip=\skip99
\cftbeforetabskip=\skip100
\cfttabindent=\skip101
\cfttabnumwidth=\skip102
)
(d:/Program/texlive/2024/texmf-dist/tex/latex/booktabs/booktabs.sty
Package: booktabs 2020/01/12 v1.61803398 Publication quality tables
\heavyrulewidth=\dimen269
\lightrulewidth=\dimen270
\cmidrulewidth=\dimen271
\belowrulesep=\dimen272
\belowbottomsep=\dimen273
\aboverulesep=\dimen274
\abovetopsep=\dimen275
\cmidrulesep=\dimen276
\cmidrulekern=\dimen277
\defaultaddspace=\dimen278
\@cmidla=\count331
\@cmidlb=\count332
\@aboverulesep=\dimen279
\@belowrulesep=\dimen280
\@thisruleclass=\count333
\@lastruleclass=\count334
\@thisrulewidth=\dimen281
)
(d:/Program/texlive/2024/texmf-dist/tex/latex/tools/array.sty
Package: array 2023/10/16 v2.5g Tabular extension package (FMi)
\col@sep=\dimen282
\ar@mcellbox=\box66
\extrarowheight=\dimen283
\NC@list=\toks28
\extratabsurround=\skip103
\backup@length=\skip104
\ar@cellbox=\box67
)
(d:/Program/texlive/2024/texmf-dist/tex/latex/xcolor/xcolor.sty
Package: xcolor 2023/11/15 v3.01 LaTeX color extensions (UK)

(d:/Program/texlive/2024/texmf-dist/tex/latex/graphics-cfg/color.cfg
File: color.cfg 2016/01/02 v1.6 sample color configuration
)
Package xcolor Info: Driver file: xetex.def on input line 274.

(d:/Program/texlive/2024/texmf-dist/tex/latex/graphics/mathcolor.ltx)
Package xcolor Info: Model `cmy' substituted by `cmy0' on input line 1350.
Package xcolor Info: Model `RGB' extended on input line 1366.
Package xcolor Info: Model `HTML' substituted by `rgb' on input line 1368.
Package xcolor Info: Model `Hsb' substituted by `hsb' on input line 1369.
Package xcolor Info: Model `tHsb' substituted by `hsb' on input line 1370.
Package xcolor Info: Model `HSB' substituted by `hsb' on input line 1371.
Package xcolor Info: Model `Gray' substituted by `gray' on input line 1372.
Package xcolor Info: Model `wave' substituted by `hsb' on input line 1373.
)
(d:/Program/texlive/2024/texmf-dist/tex/latex/shadowtext/shadowtext.sty
Package: shadowtext 2012/05/07 v0.3 Shadow Text
\st@shadowoffsetx=\skip105
\st@shadowoffsety=\skip106
\st@temp@width=\skip107
\st@temp@height=\skip108
\st@pic@width=\skip109
\st@pic@height=\skip110
)
(d:/Program/texlive/2024/texmf-dist/tex/latex/listings/listings.sty
\lst@mode=\count335
\lst@gtempboxa=\box68
\lst@token=\toks29
\lst@length=\count336
\lst@currlwidth=\dimen284
\lst@column=\count337
\lst@pos=\count338
\lst@lostspace=\dimen285
\lst@width=\dimen286
\lst@newlines=\count339
\lst@lineno=\count340
\lst@maxwidth=\dimen287

(d:/Program/texlive/2024/texmf-dist/tex/latex/listings/lstpatch.sty
File: lstpatch.sty 2024/02/21 1.10 (Carsten Heinz)
)
(d:/Program/texlive/2024/texmf-dist/tex/latex/listings/lstmisc.sty
File: lstmisc.sty 2024/02/21 1.10 (Carsten Heinz)
\c@lstnumber=\count341
\lst@skipnumbers=\count342
\lst@framebox=\box69
)
(d:/Program/texlive/2024/texmf-dist/tex/latex/listings/listings.cfg
File: listings.cfg 2024/02/21 1.10 listings configuration
))
Package: listings 2024/02/21 1.10 (Carsten Heinz)

(d:/Program/texlive/2024/texmf-dist/tex/xelatex/xecjk/xeCJK-listings.sty
Package: xeCJK-listings 2022/08/05 v3.9.1 xeCJK patch file for listings
\l__xeCJK_listings_max_char_int=\count343
\l__xeCJK_listings_flag_int=\count344
)
(./main.aux)
\openout1 = `main.aux'.

LaTeX Font Info:    Checking defaults for OML/cmm/m/it on input line 264.
LaTeX Font Info:    ... okay on input line 264.
LaTeX Font Info:    Checking defaults for OMS/cmsy/m/n on input line 264.
LaTeX Font Info:    ... okay on input line 264.
LaTeX Font Info:    Checking defaults for OT1/cmr/m/n on input line 264.
LaTeX Font Info:    ... okay on input line 264.
LaTeX Font Info:    Checking defaults for T1/cmr/m/n on input line 264.
LaTeX Font Info:    ... okay on input line 264.
LaTeX Font Info:    Checking defaults for TS1/cmr/m/n on input line 264.
LaTeX Font Info:    ... okay on input line 264.
LaTeX Font Info:    Checking defaults for TU/lmr/m/n on input line 264.
LaTeX Font Info:    ... okay on input line 264.
LaTeX Font Info:    Checking defaults for OMX/cmex/m/n on input line 264.
LaTeX Font Info:    ... okay on input line 264.
LaTeX Font Info:    Checking defaults for U/cmr/m/n on input line 264.
LaTeX Font Info:    ... okay on input line 264.
LaTeX Font Info:    Checking defaults for PD1/pdf/m/n on input line 264.
LaTeX Font Info:    ... okay on input line 264.
LaTeX Font Info:    Checking defaults for PU/pdf/m/n on input line 264.
LaTeX Font Info:    ... okay on input line 264.

Package fontspec Info: Adjusting the maths setup (use [no-math] to avoid
(fontspec)             this).

\symlegacymaths=\mathgroup6
LaTeX Font Info:    Overwriting symbol font `legacymaths' in version `bold'
(Font)                  OT1/cmr/m/n --> OT1/cmr/bx/n on input line 264.
LaTeX Font Info:    Redeclaring math accent \acute on input line 264.
LaTeX Font Info:    Redeclaring math accent \grave on input line 264.
LaTeX Font Info:    Redeclaring math accent \ddot on input line 264.
LaTeX Font Info:    Redeclaring math accent \tilde on input line 264.
LaTeX Font Info:    Redeclaring math accent \bar on input line 264.
LaTeX Font Info:    Redeclaring math accent \breve on input line 264.
LaTeX Font Info:    Redeclaring math accent \check on input line 264.
LaTeX Font Info:    Redeclaring math accent \hat on input line 264.
LaTeX Font Info:    Redeclaring math accent \dot on input line 264.
LaTeX Font Info:    Redeclaring math accent \mathring on input line 264.
LaTeX Font Info:    Redeclaring math symbol \Gamma on input line 264.
LaTeX Font Info:    Redeclaring math symbol \Delta on input line 264.
LaTeX Font Info:    Redeclaring math symbol \Theta on input line 264.
LaTeX Font Info:    Redeclaring math symbol \Lambda on input line 264.
LaTeX Font Info:    Redeclaring math symbol \Xi on input line 264.
LaTeX Font Info:    Redeclaring math symbol \Pi on input line 264.
LaTeX Font Info:    Redeclaring math symbol \Sigma on input line 264.
LaTeX Font Info:    Redeclaring math symbol \Upsilon on input line 264.
LaTeX Font Info:    Redeclaring math symbol \Phi on input line 264.
LaTeX Font Info:    Redeclaring math symbol \Psi on input line 264.
LaTeX Font Info:    Redeclaring math symbol \Omega on input line 264.
LaTeX Font Info:    Redeclaring math symbol \mathdollar on input line 264.
LaTeX Font Info:    Redeclaring symbol font `operators' on input line 264.
LaTeX Font Info:    Encoding `OT1' has changed to `TU' for symbol font
(Font)              `operators' in the math version `normal' on input line 264.

LaTeX Font Info:    Overwriting symbol font `operators' in version `normal'
(Font)                  OT1/cmr/m/n --> TU/TimesNewRoman(0)/m/n on input line 2
64.
LaTeX Font Info:    Encoding `OT1' has changed to `TU' for symbol font
(Font)              `operators' in the math version `bold' on input line 264.
LaTeX Font Info:    Overwriting symbol font `operators' in version `bold'
(Font)                  OT1/cmr/bx/n --> TU/TimesNewRoman(0)/m/n on input line 
264.
LaTeX Font Info:    Overwriting symbol font `operators' in version `normal'
(Font)                  TU/TimesNewRoman(0)/m/n --> TU/TimesNewRoman(0)/m/n on 
input line 264.
LaTeX Font Info:    Overwriting math alphabet `\mathit' in version `normal'
(Font)                  OT1/cmr/m/it --> TU/TimesNewRoman(0)/m/it on input line
 264.
LaTeX Font Info:    Overwriting math alphabet `\mathbf' in version `normal'
(Font)                  OT1/cmr/bx/n --> TU/TimesNewRoman(0)/b/n on input line 
264.
LaTeX Font Info:    Overwriting math alphabet `\mathsf' in version `normal'
(Font)                  OT1/cmss/m/n --> TU/lmss/m/n on input line 264.
LaTeX Font Info:    Overwriting math alphabet `\mathtt' in version `normal'
(Font)                  OT1/cmtt/m/n --> TU/Consolas(0)/m/n on input line 264.
LaTeX Font Info:    Overwriting symbol font `operators' in version `bold'
(Font)                  TU/TimesNewRoman(0)/m/n --> TU/TimesNewRoman(0)/b/n on 
input line 264.
LaTeX Font Info:    Overwriting math alphabet `\mathit' in version `bold'
(Font)                  OT1/cmr/bx/it --> TU/TimesNewRoman(0)/b/it on input lin
e 264.
LaTeX Font Info:    Overwriting math alphabet `\mathsf' in version `bold'
(Font)                  OT1/cmss/bx/n --> TU/lmss/b/n on input line 264.
LaTeX Font Info:    Overwriting math alphabet `\mathtt' in version `bold'
(Font)                  OT1/cmtt/m/n --> TU/Consolas(0)/b/n on input line 264.

*geometry* driver: auto-detecting
*geometry* detected driver: xetex
*geometry* verbose mode - [ preamble ] result:
* driver: xetex
* paper: a4paper
* layout: <same size as paper>
* layoutoffset:(h,v)=(0.0pt,0.0pt)
* modes: 
* h-part:(L,W,R)=(64.01869pt, 469.47049pt, 64.01869pt)
* v-part:(T,H,B)=(85.35826pt, 688.5567pt, 71.13188pt)
* \paperwidth=597.50787pt
* \paperheight=845.04684pt
* \textwidth=469.47049pt
* \textheight=688.5567pt
* \oddsidemargin=-8.2513pt
* \evensidemargin=-8.2513pt
* \topmargin=-23.91173pt
* \headheight=12.0pt
* \headsep=25.0pt
* \topskip=12.0pt
* \footskip=30.0pt
* \marginparwidth=35.0pt
* \marginparsep=10.0pt
* \columnsep=10.0pt
* \skip\footins=10.8pt plus 4.0pt minus 2.0pt
* \hoffset=0.0pt
* \voffset=0.0pt
* \mag=1000
* \@twocolumnfalse
* \@twosidefalse
* \@mparswitchfalse
* \@reversemarginfalse
* (1in=72.27pt=25.4mm, 1cm=28.453pt)

Package caption Info: Begin \AtBeginDocument code.
Package caption Info: hyperref package is loaded.
Package caption Info: listings package is loaded.
Package caption Info: longtable package is loaded.
(d:/Program/texlive/2024/texmf-dist/tex/latex/caption/ltcaption.sty
Package: ltcaption 2021/01/08 v1.4c longtable captions (AR)
)
Package caption Info: End \AtBeginDocument code.
Package hyperref Info: Link coloring OFF on input line 264.

(./main.out) (./main.out)
\@outlinefile=\write3
\openout3 = `main.out'.

\c@lstlisting=\count345
File: logo_cpipc.png Graphic file (type bmp)
<logo_cpipc.png>
File: logo_cgmm.png Graphic file (type bmp)
<logo_cgmm.png>
File: logo_huawei.jpeg Graphic file (type bmp)
<logo_huawei.jpeg>
File: logo_xjtu.png Graphic file (type bmp)
<logo_xjtu.png>

Package fontspec Info: Could not resolve font "STXinwei/BI" (it probably
(fontspec)             doesn't exist).


Package fontspec Info: Could not resolve font "STXinwei/B" (it probably
(fontspec)             doesn't exist).


Package fontspec Info: Could not resolve font "STXinwei/I" (it probably
(fontspec)             doesn't exist).


Package fontspec Info: Font family 'STXinwei(0)' created for font 'STXinwei'
(fontspec)             with options [Script={CJK}].
(fontspec)              
(fontspec)              This font family consists of the following NFSS
(fontspec)             series/shapes:
(fontspec)              
(fontspec)             - 'normal' (m/n) with NFSS spec.:
(fontspec)             <->"STXinwei/OT:script=hani;language=dflt;"
(fontspec)             - 'small caps'  (m/sc) with NFSS spec.: 



LaTeX Font Warning: Font shape `TU/STXinwei(0)/b/n' undefined
(Font)              using `TU/STXinwei(0)/m/n' instead on input line 267.

LaTeX Font Info:    Trying to load font information for U+msa on input line 267
.
(d:/Program/texlive/2024/texmf-dist/tex/latex/amsfonts/umsa.fd
File: umsa.fd 2013/01/14 v3.01 AMS symbols A
)
LaTeX Font Info:    Trying to load font information for U+msb on input line 267
.

(d:/Program/texlive/2024/texmf-dist/tex/latex/amsfonts/umsb.fd
File: umsb.fd 2013/01/14 v3.01 AMS symbols B
) [0

]

Package fontspec Info: Could not resolve font "SimHei/BI" (it probably doesn't
(fontspec)             exist).


Package fontspec Info: Could not resolve font "SimHei/B" (it probably doesn't
(fontspec)             exist).


Package fontspec Info: Could not resolve font "SimHei/I" (it probably doesn't
(fontspec)             exist).


Package fontspec Info: Font family 'SimHei(0)' created for font 'SimHei' with
(fontspec)             options [Script={CJK}].
(fontspec)              
(fontspec)              This font family consists of the following NFSS
(fontspec)             series/shapes:
(fontspec)              
(fontspec)             - 'normal' (m/n) with NFSS spec.:
(fontspec)             <->"SimHei/OT:script=hani;language=dflt;"
(fontspec)             - 'small caps'  (m/sc) with NFSS spec.: 



LaTeX Font Warning: Font shape `TU/SimHei(0)/b/n' undefined
(Font)              using `TU/SimHei(0)/m/n' instead on input line 270.

[1] (./sections/0_toc.tex (./main.toc [2])
\tf@toc=\write4
\openout4 = `main.toc'.

 [3]) (./sections/1_restatement.tex
Underfull \hbox (badness 10000) in paragraph at lines 17--17
[]|\TU/SimSun(0)/m/n/12 地 形、|  机 型、|
 []


Underfull \hbox (badness 3354) in paragraph at lines 17--17
[]|\TU/SimSun(0)/m/n/12 单 点 直 送 的 安 全
 []


Underfull \hbox (badness 3354) in paragraph at lines 19--19
[]|\TU/SimSun(0)/m/n/12 运 输 与 中 继 服 务
 []


Underfull \hbox (badness 10000) in paragraph at lines 20--20
[]|\TU/SimSun(0)/m/n/12 问 题 三 方 案、|
 []


Underfull \hbox (badness 3354) in paragraph at lines 20--20
[]|\TU/SimSun(0)/m/n/12 二 组 与 三 组 分 区
 []

[4]
File: ../figures/fig_roadmap_nature.pdf Graphic file (type pdf)
<use ../figures/fig_roadmap_nature.pdf>
) (./sections/2_analysis.tex [5]
File: ../figures/paper_full_20260926/q1_dem_nodes.pdf Graphic file (type pdf)
<use ../figures/paper_full_20260926/q1_dem_nodes.pdf>

Underfull \hbox (badness 10000) in paragraph at lines 14--14
[]|\TU/SimSun(0)/m/n/12 调 度 中 心 与 服 务
 []


Underfull \hbox (badness 10000) in paragraph at lines 15--15
[]|\TU/SimSun(0)/m/n/12 物 资 需 求 与 配 送
 []


Underfull \hbox (badness 10000) in paragraph at lines 16--16
[]|\TU/SimSun(0)/m/n/12 运 输 无 人 机 数
 []


Underfull \hbox (badness 10000) in paragraph at lines 17--17
[]|\TU/SimSun(0)/m/n/12 中 继 无 人 机 数
 []


Underfull \hbox (badness 10000) in paragraph at lines 18--18
[]|\TU/SimSun(0)/m/n/12 通 信 链 路 参
 []

[6]
File: ../figures/rigor_pool_20260926/raw_q2_box_deadline_mix.pdf Graphic file (
type pdf)
<use ../figures/rigor_pool_20260926/raw_q2_box_deadline_mix.pdf>
File: ../figures/rigor_pool_20260926/raw_q4_initial_inventory.pdf Graphic file 
(type pdf)
<use ../figures/rigor_pool_20260926/raw_q4_initial_inventory.pdf>
 [7]
File: ../figures/paper_full_20260926/q1_typical_elevation_profile.pdf Graphic f
ile (type pdf)
<use ../figures/paper_full_20260926/q1_typical_elevation_profile.pdf>
File: ../figures/paper_full_20260926/service_area_elevation_envelope.png Graphi
c file (type bmp)
<../figures/paper_full_20260926/service_area_elevation_envelope.png>
 [8] [9]
File: ../figures/rigor_pool_20260926/raw_q3_link_budgets.pdf Graphic file (type
 pdf)
<use ../figures/rigor_pool_20260926/raw_q3_link_budgets.pdf>
) (./sections/3_assumptions.tex
File: ../figures/fig_assumption_scope.pdf Graphic file (type pdf)
<use ../figures/fig_assumption_scope.pdf>
 [10] [11])
(./sections/4_symbols.tex
Underfull \hbox (badness 6141) in paragraph at lines 21--21
[]|\TU/SimSun(0)/m/n/12 任 务 节 点 集 合 与 服 务
 []


Underfull \hbox (badness 10000) in paragraph at lines 22--23
[]|\TU/SimSun(0)/m/n/12 问 题 一 至
 []


Underfull \hbox (badness 10000) in paragraph at lines 23--24
[]|\TU/SimSun(0)/m/n/12 问 题 二 至
 []


Underfull \hbox (badness 6141) in paragraph at lines 24--24
[]|\TU/SimSun(0)/m/n/12 全 部 货 箱 集 合 与 服 务
 []


Underfull \hbox (badness 6141) in paragraph at lines 25--25
[]|\TU/SimSun(0)/m/n/12 医 疗 箱 集 合 与 硬 时 限
 []


Underfull \hbox (badness 10000) in paragraph at lines 25--26
[]|\TU/SimSun(0)/m/n/12 问 题 二 至
 []


Underfull \hbox (badness 6141) in paragraph at lines 26--26
[]|\TU/SimSun(0)/m/n/12 运 输 架 次 集 合 与 中 继
 []


Underfull \hbox (badness 10000) in paragraph at lines 26--27
[]|\TU/SimSun(0)/m/n/12 问 题 二 至
 []


Underfull \hbox (badness 10000) in paragraph at lines 27--27
[]|\TU/SimSun(0)/m/n/12 节 点\TU/TimesNewRoman(0)/m/n/12 /\TU/SimSun(0)/m/n/12 机 
型\TU/TimesNewRoman(0)/m/n/12 /\TU/SimSun(0)/m/n/12 实 体 机\TU/TimesNewRoman(0)/m/
n/12 /\TU/SimSun(0)/m/n/12 货
 []


Underfull \hbox (badness 6141) in paragraph at lines 34--34
[]|\TU/SimSun(0)/m/n/12 航 段 水 平 距 离 与 计 划
 []


Underfull \hbox (badness 10000) in paragraph at lines 41--41
[]|\TU/SimSun(0)/m/n/12 空 载 质 量\TU/TimesNewRoman(0)/m/n/12 /\TU/SimSun(0)/m/n/1
2 最 大 载 货
 []


Underfull \hbox (badness 3281) in paragraph at lines 44--44
[]|\TU/SimSun(0)/m/n/12 电 池 可 用 能 量\TU/TimesNewRoman(0)/m/n/12 /\TU/SimSun(0)/m
/n/12 返 航 余
 []


Underfull \hbox (badness 10000) in paragraph at lines 45--46
[]|\TU/SimSun(0)/m/n/12 问 题 一 至
 []


Underfull \hbox (badness 10000) in paragraph at lines 46--47
[]|\TU/SimSun(0)/m/n/12 问 题 一 至
 []


Underfull \hbox (badness 6141) in paragraph at lines 47--47
[]|\TU/SimSun(0)/m/n/12 航 段 飞 行 时 间 与 航 段
 []


Underfull \hbox (badness 6141) in paragraph at lines 48--48
[]|\TU/SimSun(0)/m/n/12 单 点 往 返 最 大 安 全 载
 []


Underfull \hbox (badness 10000) in paragraph at lines 55--56
[]|\TU/SimSun(0)/m/n/12 问 题 二 至
 []


Underfull \hbox (badness 6141) in paragraph at lines 57--57
[]|\TU/SimSun(0)/m/n/12 架 次 开 始 与 返 航 结 束
 []


Underfull \hbox (badness 10000) in paragraph at lines 57--58
[]|\TU/SimSun(0)/m/n/12 问 题 二 至
 []


Underfull \hbox (badness 1082) in paragraph at lines 61--61
[]|\TU/SimSun(0)/m/n/12 送 达 时 刻\TU/TimesNewRoman(0)/m/n/12 /\TU/SimSun(0)/m/n/1
2 硬 截 止\TU/TimesNewRoman(0)/m/n/12 /\TU/SimSun(0)/m/n/12 期 望
 []


Underfull \hbox (badness 6141) in paragraph at lines 62--62
[]|\TU/SimSun(0)/m/n/12 迟 到 量 与 加 权 平 均 迟
 []


Underfull \hbox (badness 6141) in paragraph at lines 63--63
[]|\TU/SimSun(0)/m/n/12 优 先 加 权 平 均 送 达 时
 []


Underfull \hbox (badness 6141) in paragraph at lines 65--65
[]|\TU/SimSun(0)/m/n/12 返 航 荷 电 状 态 与 充 满
 []


Underfull \hbox (badness 10000) in paragraph at lines 65--66
[]|\TU/SimSun(0)/m/n/12 问 题 二 至
 []


Underfull \hbox (badness 1082) in paragraph at lines 66--66
[]|\TU/SimSun(0)/m/n/12 航 次 启 用\TU/TimesNewRoman(0)/m/n/12 /\TU/SimSun(0)/m/n/1
2 箱 分 配\TU/TimesNewRoman(0)/m/n/12 /\TU/SimSun(0)/m/n/12 站 点
 []


Underfull \hbox (badness 10000) in paragraph at lines 70--70
[]|\TU/SimSun(0)/m/n/12 收 尾 时 刻\TU/TimesNewRoman(0)/m/n/12 /\TU/SimSun(0)/m/n/1
2 总 能 耗\TU/TimesNewRoman(0)/m/n/12 /\TU/SimSun(0)/m/n/12 架
 []


Underfull \hbox (badness 6141) in paragraph at lines 76--76
[]|\TU/SimSun(0)/m/n/12 三 维 距 离 与 地 形 遮 挡
 []


Underfull \hbox (badness 6141) in paragraph at lines 77--77
[]|\TU/SimSun(0)/m/n/12 允 许 损 耗 门 限 与 实 际
 []


Underfull \hbox (badness 6141) in paragraph at lines 80--80
[]|\TU/SimSun(0)/m/n/12 区 间 损 耗 上 界 与 证 书
 []


Underfull \hbox (badness 6141) in paragraph at lines 81--81
[]|\TU/SimSun(0)/m/n/12 直 连 选 择 与 中 继 覆 盖
 []


Underfull \hbox (badness 6141) in paragraph at lines 84--84
[]|\TU/SimSun(0)/m/n/12 悬 停 位 置 与 服 务 时 间
 []


Underfull \hbox (badness 6141) in paragraph at lines 87--87
[]|\TU/SimSun(0)/m/n/12 联 合 收 尾 时 刻 与 中 继
 []


Underfull \hbox (badness 6141) in paragraph at lines 95--95
[]|\TU/SimSun(0)/m/n/12 重 复 配 置 量 与 库 存 闲
 []

[12] [13]) (./sections/5_problem1.tex [14]
File: ../figures/paper_full_20260926/q1_safe_capacity.pdf Graphic file (type pd
f)
<use ../figures/paper_full_20260926/q1_safe_capacity.pdf>
File: ../figures/paper_full_20260926/q1_capacity_heatmap.pdf Graphic file (type
 pdf)
<use ../figures/paper_full_20260926/q1_capacity_heatmap.pdf>
 [15]
File: ../figures/paper_full_20260926/q1_payload_energy.pdf Graphic file (type p
df)
<use ../figures/paper_full_20260926/q1_payload_energy.pdf>

(./tables/q1_capacity_batches.tex [16]) [17]
File: ../figures/paper_full_20260926/q1_objective_solutions.pdf Graphic file (t
ype pdf)
<use ../figures/paper_full_20260926/q1_objective_solutions.pdf>
 [18]
File: ../figures/paper_full_20260926/q1_return_soc.pdf Graphic file (type pdf)
<use ../figures/paper_full_20260926/q1_return_soc.pdf>
 [19]
File: ../figures/paper_full_20260926/q1_change.png Graphic file (type bmp)
<../figures/paper_full_20260926/q1_change.png>
 [20])
(./sections/6_problem2.tex [21]
Underfull \hbox (badness 2608) in paragraph at lines 47--48
[]|\TU/SimHei(0)/m/n/10.95 是 否 受 硬
 []


Underfull \hbox (badness 10000) in paragraph at lines 49--50
[]|\TU/SimSun(0)/m/n/10.95 是  |（期 望
 []


Underfull \hbox (badness 10000) in paragraph at lines 50--51
[]|\TU/SimSun(0)/m/n/10.95 是  |（首 批
 []

[22] [23] [24]
Overfull \hbox (11.97482pt too wide) in paragraph at lines 176--177
[]\TU/SimSun(0)/m/n/12 即 每 条 路 线 列 恰 占 一 架 同 型 机 体 与 一 组 同 型 电 池。|  配 合 式 []的 区
 间 不 重 叠 与 式 []的
 []

(./tables/q2_formal_protocol.tex) [25] (./tables/q2_service_delivery.tex)
[26]
File: ../figures/paper_full_20260926/q2_transport_routes.pdf Graphic file (type
 pdf)
<use ../figures/paper_full_20260926/q2_transport_routes.pdf>
File: ../figures/paper_full_20260926/q2_drone_timeline.pdf Graphic file (type p
df)
<use ../figures/paper_full_20260926/q2_drone_timeline.pdf>
 [27]
File: ../figures/paper_full_20260926/q2_battery_timeline.pdf Graphic file (type
 pdf)
<use ../figures/paper_full_20260926/q2_battery_timeline.pdf>
File: ../figures/paper_full_20260926/q2_route_energy.pdf Graphic file (type pdf
)
<use ../figures/paper_full_20260926/q2_route_energy.pdf>
 [28]
File: ../figures/paper_full_20260926/q2_delivery_deadlines.pdf Graphic file (ty
pe pdf)
<use ../figures/paper_full_20260926/q2_delivery_deadlines.pdf>
File: ../figures/paper_full_20260926/q2_return_soc.pdf Graphic file (type pdf)
<use ../figures/paper_full_20260926/q2_return_soc.pdf>
 [29]) (./sections/7_problem3.tex [30] [31] [32] [33] [34]
File: ../figures/paper_full_20260926/q3_relay_coverage_points.pdf Graphic file 
(type pdf)
<use ../figures/paper_full_20260926/q3_relay_coverage_points.pdf>

[35]
File: ../figures/paper_full_20260926/q3_joint_timeline.pdf Graphic file (type p
df)
<use ../figures/paper_full_20260926/q3_joint_timeline.pdf>
 [36]
File: ../figures/paper_full_20260926/q3_communication_timeline.pdf Graphic file
 (type pdf)
<use ../figures/paper_full_20260926/q3_communication_timeline.pdf>
File: ../figures/audit_verified_20260925/q3_margin_envelope.pdf Graphic file (t
ype pdf)
<use ../figures/audit_verified_20260925/q3_margin_envelope.pdf>
 [37]
File: ../figures/audit_verified_20260925/q3_tight_los_profile.pdf Graphic file 
(type pdf)
<use ../figures/audit_verified_20260925/q3_tight_los_profile.pdf>
 [38] [39]) (./sections/8_problem4.tex [40]
File: ../figures/paper_full_20260926/q4_task_network.pdf Graphic file (type pdf
)
<use ../figures/paper_full_20260926/q4_task_network.pdf>
 [41] [42]
File: ../figures/paper_full_20260926/q4_partition_2groups.pdf Graphic file (typ
e pdf)
<use ../figures/paper_full_20260926/q4_partition_2groups.pdf>
File: ../figures/paper_full_20260926/q4_partition_3groups.pdf Graphic file (typ
e pdf)
<use ../figures/paper_full_20260926/q4_partition_3groups.pdf>
 [43]
File: ../figures/paper_full_20260926/q4_workload.pdf Graphic file (type pdf)
<use ../figures/paper_full_20260926/q4_workload.pdf>
File: ../figures/paper_full_20260926/q4_resource_demand.pdf Graphic file (type 
pdf)
<use ../figures/paper_full_20260926/q4_resource_demand.pdf>

[44]) (./sections/9_sensitivity.tex [45]
File: ../figures/paper_full_20260926/q1_sensitivity.pdf Graphic file (type pdf)

<use ../figures/paper_full_20260926/q1_sensitivity.pdf>
 [46] (./tables/energy_multiplier.tex)
[47] (./tables/communication_loss.tex) [48] [49]) (./sections/10_evaluation.tex
[50]
Underfull \hbox (badness 10000) in paragraph at lines 79--79
[]|\TU/TimesNewRoman(0)/m/n/10.95 24 \TU/SimSun(0)/m/n/10.95 架 次，| \TU/TimesNew
Roman(0)/m/n/10.95 104.61 min\TU/SimSun(0)/m/n/10.95 ，|
 []


Underfull \hbox (badness 5189) in paragraph at lines 84--85
[]|\TU/TimesNewRoman(0)/m/n/10.95 26 \TU/SimSun(0)/m/n/10.95 个 运 输 架 次 \TU/Time
sNewRoman(0)/m/n/10.95 +3 \TU/SimSun(0)/m/n/10.95 个
 []


Underfull \hbox (badness 7433) in paragraph at lines 84--85
\TU/SimSun(0)/m/n/10.95 中 继 架 次，| \TU/TimesNewRoman(0)/m/n/10.95 112.82 min\TU/
SimSun(0)/m/n/10.95 ，|
 []

[51]) [52] (./references.tex [53]) [54] (./sections/A_code.tex

Package hyperref Warning: The anchor of a bookmark and its parent's must not
(hyperref)                be the same. Added a new anchor on input line 2.

(d:/Program/texlive/2024/texmf-dist/tex/latex/listings/lstlang1.sty
File: lstlang1.sty 2024/02/21 1.10 listings language file
)
Package hyperref Info: bookmark level for unknown lstlisting defaults to 0 on i
nput line 4.

(../code/mountain_flood/problem1/packing.py) [55]
(../code/mountain_flood/problem2/search.py) [56

]
(../code/mountain_flood/problem2/search.py

LaTeX Font Warning: Font shape `TU/SimSun(0)/m/it' undefined
(Font)              using `TU/SimSun(0)/m/n' instead on input line 148.

) [57

] (../code/mountain_flood/problem2/search.py) [58

]
(../code/mountain_flood/problem3/communication.py) [59

]
(../code/mountain_flood/problem3/communication.py) [60

]
(../code/mountain_flood/problem4/partition.py [61

] [62])) [63]
(./sections/B_ai_usage.tex
Overfull \hbox (32.97774pt too wide) in paragraph at lines 48--50
[]\TU/SimSun(0)/m/n/12 程 序 实 现 的 工 具 使 用 情 况 统 一 在 本 附 录 \TU/TimesNewRoman(0)/m
/n/12 B.3 \TU/SimSun(0)/m/n/12 中 说 明；| $[][][][][]$ 目 录 下 的 程 序 与 $[][][][][][]
[][][][][][] []
 []

[64]) [65] (./main.aux)
 ***********
LaTeX2e <2023-11-01> patch level 1
L3 programming layer <2022/08/05>
 ***********


LaTeX Font Warning: Some font shapes were not available, defaults substituted.

Package rerunfilecheck Info: File `main.out' has not changed.
(rerunfilecheck)             Checksum: 0D0E711DF9EA1D193645662D2B878064;13400.
 ) 
Here is how much of TeX's memory you used:
 22089 strings out of 476720
 490001 string characters out of 5800653
 2858842 words of memory out of 5000000
 43656 multiletter control sequences out of 15000+600000
 567445 words of font info for 133 fonts, out of 8000000 for 9000
 36 hyphenation exceptions out of 8191
 93i,12n,97p,678b,1907s stack positions out of 10000i,1000n,20000p,200000b,200000s

Output written on main.pdf (66 pages).
